[baseline-browser-mapping] The data in this module is over two months old.  To ensure accurate Baseline data, please update: `npm i baseline-browser-mapping@latest -D`
 ⚠ [next]/internal/font/google/geist_a71539c9.module.css
Error while requesting resource
There was an issue establishing a connection while requesting https://fonts.googleapis.com/css2?family=Geist:wght@100..900&display=swap

Import trace:
  Server Component:
    [next]/internal/font/google/geist_a71539c9.module.css
    [next]/internal/font/google/geist_a71539c9.js
    ./app/layout.tsx


 ⚠ [next]/internal/font/google/geist_mono_8d43a2aa.module.css
Error while requesting resource
There was an issue establishing a connection while requesting https://fonts.googleapis.com/css2?family=Geist+Mono:wght@100..900&display=swap

Import trace:
  Server Component:
    [next]/internal/font/google/geist_mono_8d43a2aa.module.css
    [next]/internal/font/google/geist_mono_8d43a2aa.js
    ./app/layout.tsx


 ⚠ [next]/internal/font/google/geist_a71539c9.module.css
next/font: warning:
Failed to download `Geist` from Google Fonts. Using fallback font instead.

Import trace:
  Server Component:
    [next]/internal/font/google/geist_a71539c9.module.css
    [next]/internal/font/google/geist_a71539c9.js
    ./app/layout.tsx


 ⚠ [next]/internal/font/google/geist_mono_8d43a2aa.module.css
next/font: warning:
Failed to download `Geist Mono` from Google Fonts. Using fallback font instead.

Import trace:
  Server Component:
    [next]/internal/font/google/geist_mono_8d43a2aa.module.css
    [next]/internal/font/google/geist_mono_8d43a2aa.js
    ./app/layout.tsx


Lit is in dev mode. Not recommended for production! See https://lit.dev/msg/dev-mode for more information.
D:\workspace\GasMorph_v3\gasmorph_v3\.next\dev\server\chunks\ssr\node_modules_@reown_appkit-controllers_dist_esm_src_d0b4afbb._.js: Invalid source map. Only conformant source maps can be used to find the original code. Cause: Error: sourceMapURL could not be parsed
D:\workspace\GasMorph_v3\gasmorph_v3\.next\dev\server\chunks\ssr\node_modules_@reown_appkit_dist_esm_baa45d80._.js: Invalid source map. Only conformant source maps can be used to find the original code. Cause: Error: sourceMapURL could not be parsed
[Reown Config] Failed to fetch remote project configuration. Using local/default values. Error: HTTP status code: 403
    at ignore-listed frames {
  [cause]: Response {
    status: 403,
    statusText: 'Forbidden',
    headers: Headers {
      date: 'Thu, 25 Dec 2025 02:03:40 GMT',
      'content-type': 'text/plain; charset=UTF-8',
      'content-length': '9',
      connection: 'keep-alive',
      'cf-ray': '9b34c36c4c9c57a1-LHR',
      'access-control-allow-origin': '*',
      'cache-control': 'public, max-age=300, s-maxage=300',
      vary: 'Accept-Encoding',
      server: 'cloudflare',
      'alt-svc': 'h3=":443"; ma=86400'
    },
    body: undefined,
    bodyUsed: false,
    ok: false,
    redirected: false,
    type: 'default',
    url: 'https://api.web3modal.org/appkit/v1/config?projectId=demo&st=appkit&sv=html-core-1.7.8'
  }
}
 ⚠ [next]/internal/font/google/geist_a71539c9.module.css
Error while requesting resource
There was an issue establishing a connection while requesting https://fonts.googleapis.com/css2?family=Geist:wght@100..900&display=swap

Import trace:
  Server Component:
    [next]/internal/font/google/geist_a71539c9.module.css
    [next]/internal/font/google/geist_a71539c9.js
    ./app/layout.tsx


 ⚠ [next]/internal/font/google/geist_mono_8d43a2aa.module.css
Error while requesting resource
There was an issue establishing a connection while requesting https://fonts.googleapis.com/css2?family=Geist+Mono:wght@100..900&display=swap

Import trace:
  Server Component:
    [next]/internal/font/google/geist_mono_8d43a2aa.module.css
    [next]/internal/font/google/geist_mono_8d43a2aa.js
    ./app/layout.tsx


 ⚠ [next]/internal/font/google/geist_a71539c9.module.css
next/font: warning:
Failed to download `Geist` from Google Fonts. Using fallback font instead.

Import trace:
  Server Component:
    [next]/internal/font/google/geist_a71539c9.module.css
    [next]/internal/font/google/geist_a71539c9.js
    ./app/layout.tsx


 ⚠ [next]/internal/font/google/geist_mono_8d43a2aa.module.css
next/font: warning:
Failed to download `Geist Mono` from Google Fonts. Using fallback font instead.

Import trace:
  Server Component:
    [next]/internal/font/google/geist_mono_8d43a2aa.module.css
    [next]/internal/font/google/geist_mono_8d43a2aa.js
    ./app/layout.tsx


 ⚠ [next]/internal/font/google/geist_a71539c9.module.css
Error while requesting resource
There was an issue establishing a connection while requesting https://fonts.googleapis.com/css2?family=Geist:wght@100..900&display=swap

Import trace:
  Server Component:
    [next]/internal/font/google/geist_a71539c9.module.css
    [next]/internal/font/google/geist_a71539c9.js
    ./app/layout.tsx


 ⚠ [next]/internal/font/google/geist_mono_8d43a2aa.module.css
Error while requesting resource
There was an issue establishing a connection while requesting https://fonts.googleapis.com/css2?family=Geist+Mono:wght@100..900&display=swap

Import trace:
  Server Component:
    [next]/internal/font/google/geist_mono_8d43a2aa.module.css
    [next]/internal/font/google/geist_mono_8d43a2aa.js
    ./app/layout.tsx


 ⚠ [next]/internal/font/google/geist_a71539c9.module.css
next/font: warning:
Failed to download `Geist` from Google Fonts. Using fallback font instead.

Import trace:
  Server Component:
    [next]/internal/font/google/geist_a71539c9.module.css
    [next]/internal/font/google/geist_a71539c9.js
    ./app/layout.tsx


 ⚠ [next]/internal/font/google/geist_mono_8d43a2aa.module.css
next/font: warning:
Failed to download `Geist Mono` from Google Fonts. Using fallback font instead.

Import trace:
  Server Component:
    [next]/internal/font/google/geist_mono_8d43a2aa.module.css
    [next]/internal/font/google/geist_mono_8d43a2aa.js
    ./app/layout.tsx


 ⚠ [next]/internal/font/google/geist_a71539c9.module.css
Error while requesting resource
There was an issue establishing a connection while requesting https://fonts.googleapis.com/css2?family=Geist:wght@100..900&display=swap

Import trace:
  Server Component:
    [next]/internal/font/google/geist_a71539c9.module.css
    [next]/internal/font/google/geist_a71539c9.js
    ./app/layout.tsx


 ⚠ [next]/internal/font/google/geist_mono_8d43a2aa.module.css
Error while requesting resource
There was an issue establishing a connection while requesting https://fonts.googleapis.com/css2?family=Geist+Mono:wght@100..900&display=swap

Import trace:
  Server Component:
    [next]/internal/font/google/geist_mono_8d43a2aa.module.css
    [next]/internal/font/google/geist_mono_8d43a2aa.js
    ./app/layout.tsx


 ⚠ [next]/internal/font/google/geist_a71539c9.module.css
next/font: warning:
Failed to download `Geist` from Google Fonts. Using fallback font instead.

Import trace:
  Server Component:
    [next]/internal/font/google/geist_a71539c9.module.css
    [next]/internal/font/google/geist_a71539c9.js
    ./app/layout.tsx


 ⚠ [next]/internal/font/google/geist_mono_8d43a2aa.module.css
next/font: warning:
Failed to download `Geist Mono` from Google Fonts. Using fallback font instead.

Import trace:
  Server Component:
    [next]/internal/font/google/geist_mono_8d43a2aa.module.css
    [next]/internal/font/google/geist_mono_8d43a2aa.js
    ./app/layout.tsx


 ⚠ [next]/internal/font/google/geist_a71539c9.module.css
Error while requesting resource
There was an issue establishing a connection while requesting https://fonts.googleapis.com/css2?family=Geist:wght@100..900&display=swap

Import trace:
  Server Component:
    [next]/internal/font/google/geist_a71539c9.module.css
    [next]/internal/font/google/geist_a71539c9.js
    ./app/layout.tsx


 ⚠ [next]/internal/font/google/geist_mono_8d43a2aa.module.css
Error while requesting resource
There was an issue establishing a connection while requesting https://fonts.googleapis.com/css2?family=Geist+Mono:wght@100..900&display=swap

Import trace:
  Server Component:
    [next]/internal/font/google/geist_mono_8d43a2aa.module.css
    [next]/internal/font/google/geist_mono_8d43a2aa.js
    ./app/layout.tsx


 ⚠ [next]/internal/font/google/geist_a71539c9.module.css
next/font: warning:
Failed to download `Geist` from Google Fonts. Using fallback font instead.

Import trace:
  Server Component:
    [next]/internal/font/google/geist_a71539c9.module.css
    [next]/internal/font/google/geist_a71539c9.js
    ./app/layout.tsx


 ⚠ [next]/internal/font/google/geist_mono_8d43a2aa.module.css
next/font: warning:
Failed to download `Geist Mono` from Google Fonts. Using fallback font instead.

Import trace:
  Server Component:
    [next]/internal/font/google/geist_mono_8d43a2aa.module.css
    [next]/internal/font/google/geist_mono_8d43a2aa.js
    ./app/layout.tsx


 ⚠ [next]/internal/font/google/geist_a71539c9.module.css
Error while requesting resource
There was an issue establishing a connection while requesting https://fonts.googleapis.com/css2?family=Geist:wght@100..900&display=swap

Import trace:
  Server Component:
    [next]/internal/font/google/geist_a71539c9.module.css
    [next]/internal/font/google/geist_a71539c9.js
    ./app/layout.tsx


 ⚠ [next]/internal/font/google/geist_mono_8d43a2aa.module.css
Error while requesting resource
There was an issue establishing a connection while requesting https://fonts.googleapis.com/css2?family=Geist+Mono:wght@100..900&display=swap

Import trace:
  Server Component:
    [next]/internal/font/google/geist_mono_8d43a2aa.module.css
    [next]/internal/font/google/geist_mono_8d43a2aa.js
    ./app/layout.tsx


 ⚠ [next]/internal/font/google/geist_a71539c9.module.css
next/font: warning:
Failed to download `Geist` from Google Fonts. Using fallback font instead.

Import trace:
  Server Component:
    [next]/internal/font/google/geist_a71539c9.module.css
    [next]/internal/font/google/geist_a71539c9.js
    ./app/layout.tsx


 ⚠ [next]/internal/font/google/geist_mono_8d43a2aa.module.css
next/font: warning:
Failed to download `Geist Mono` from Google Fonts. Using fallback font instead.

Import trace:
  Server Component:
    [next]/internal/font/google/geist_mono_8d43a2aa.module.css
    [next]/internal/font/google/geist_mono_8d43a2aa.js
    ./app/layout.tsx


WalletConnect Core is already initialized. This is probably a mistake and can lead to unexpected behavior. Init() was called 2 times.
WalletConnect Core is already initialized. This is probably a mistake and can lead to unexpected behavior. Init() was called 2 times.
Multiple versions of Lit loaded. Loading multiple versions is not recommended. See https://lit.dev/msg/multiple-versions for more information.
D:\workspace\GasMorph_v3\gasmorph_v3\.next\dev\server\chunks\ssr\node_modules_@reown_appkit-controllers_dist_esm_src_d0b4afbb._.js: Invalid source map. Only conformant source maps can be used to find the original code. Cause: Error: sourceMapURL could not be parsed
D:\workspace\GasMorph_v3\gasmorph_v3\.next\dev\server\chunks\ssr\node_modules_@reown_appkit_dist_esm_baa45d80._.js: Invalid source map. Only conformant source maps can be used to find the original code. Cause: Error: sourceMapURL could not be parsed
[Reown Config] Failed to fetch remote project configuration. Using local/default values. Error: HTTP status code: 403
    at ignore-listed frames {
  [cause]: Response {
    status: 403,
    statusText: 'Forbidden',
    headers: Headers {
      date: 'Thu, 25 Dec 2025 03:04:46 GMT',
      'content-type': 'text/plain; charset=UTF-8',
      'content-length': '9',
      connection: 'keep-alive',
      'cf-ray': '9b351ce9a84e90f7-LHR',
      'access-control-allow-origin': '*',
      'cache-control': 'public, max-age=300, s-maxage=300',
      vary: 'Accept-Encoding',
      server: 'cloudflare',
      'alt-svc': 'h3=":443"; ma=86400'
    },
    body: undefined,
    bodyUsed: false,
    ok: false,
    redirected: false,
    type: 'default',
    url: 'https://api.web3modal.org/appkit/v1/config?projectId=demo&st=appkit&sv=html-core-1.7.8'
  }
}
 ⚠ [next]/internal/font/google/geist_a71539c9.module.css
Error while requesting resource
There was an issue establishing a connection while requesting https://fonts.googleapis.com/css2?family=Geist:wght@100..900&display=swap

Import trace:
  Server Component:
    [next]/internal/font/google/geist_a71539c9.module.css
    [next]/internal/font/google/geist_a71539c9.js
    ./app/layout.tsx


 ⚠ [next]/internal/font/google/geist_mono_8d43a2aa.module.css
Error while requesting resource
There was an issue establishing a connection while requesting https://fonts.googleapis.com/css2?family=Geist+Mono:wght@100..900&display=swap

Import trace:
  Server Component:
    [next]/internal/font/google/geist_mono_8d43a2aa.module.css
    [next]/internal/font/google/geist_mono_8d43a2aa.js
    ./app/layout.tsx


 ⚠ [next]/internal/font/google/geist_a71539c9.module.css
next/font: warning:
Failed to download `Geist` from Google Fonts. Using fallback font instead.

Import trace:
  Server Component:
    [next]/internal/font/google/geist_a71539c9.module.css
    [next]/internal/font/google/geist_a71539c9.js
    ./app/layout.tsx


 ⚠ [next]/internal/font/google/geist_mono_8d43a2aa.module.css
next/font: warning:
Failed to download `Geist Mono` from Google Fonts. Using fallback font instead.

Import trace:
  Server Component:
    [next]/internal/font/google/geist_mono_8d43a2aa.module.css
    [next]/internal/font/google/geist_mono_8d43a2aa.js
    ./app/layout.tsx


 ⚠ [next]/internal/font/google/geist_a71539c9.module.css
Error while requesting resource
There was an issue establishing a connection while requesting https://fonts.googleapis.com/css2?family=Geist:wght@100..900&display=swap

Import trace:
  Server Component:
    [next]/internal/font/google/geist_a71539c9.module.css
    [next]/internal/font/google/geist_a71539c9.js
    ./app/layout.tsx


 ⚠ [next]/internal/font/google/geist_mono_8d43a2aa.module.css
Error while requesting resource
There was an issue establishing a connection while requesting https://fonts.googleapis.com/css2?family=Geist+Mono:wght@100..900&display=swap

Import trace:
  Server Component:
    [next]/internal/font/google/geist_mono_8d43a2aa.module.css
    [next]/internal/font/google/geist_mono_8d43a2aa.js
    ./app/layout.tsx


 ⚠ [next]/internal/font/google/geist_a71539c9.module.css
next/font: warning:
Failed to download `Geist` from Google Fonts. Using fallback font instead.

Import trace:
  Server Component:
    [next]/internal/font/google/geist_a71539c9.module.css
    [next]/internal/font/google/geist_a71539c9.js
    ./app/layout.tsx


 ⚠ [next]/internal/font/google/geist_mono_8d43a2aa.module.css
next/font: warning:
Failed to download `Geist Mono` from Google Fonts. Using fallback font instead.

Import trace:
  Server Component:
    [next]/internal/font/google/geist_mono_8d43a2aa.module.css
    [next]/internal/font/google/geist_mono_8d43a2aa.js
    ./app/layout.tsx


